DEBUG:peewee:('CREATE TABLE IF NOT EXISTS "entry" ("id" INTEGER NOT NULL PRIMARY KEY, "employee_name" VARCHAR(100) NOT NULL, "date" DATETIME NOT NULL, "time_spent" TIME NOT NULL, "task_name" VARCHAR(100) NOT NULL, "notes" TEXT NOT NULL)', [])
